// Jest Snapshot v1, https://goo.gl/fbAQLP

exports[`Netlify response formats returns text correctly 1`] = `""`;

exports[`Netlify response formats returns text correctly 2`] = `
Object {
  "age": "0",
  "content-length": "0",
  "server": "Netlify",
  "x-nf-request-id": "8028a8fd-25cf-4c15-95af-f2573575db43",
}
`;

exports[`Netlify routing routes with special characters 1`] = `""`;

exports[`Netlify routing routes with special characters 2`] = `""`;

exports[`Netlify routing routes with special characters 3`] = `""`;

exports[`Netlify routing routes with special characters 4`] = `""`;

exports[`Netlify routing routes with special characters 5`] = `""`;

exports[`Netlify routing secondary-level API 1`] = `""`;

exports[`Netlify routing secondary-level API 2`] = `""`;

exports[`Netlify routing secondary-level API with index.js 1`] = `""`;

exports[`Netlify routing top-level API 1`] = `""`;

exports[`Netlify typescript typescript functions work 1`] = `""`;
